[projects.fivethirtyeight.com/2020-election-forecast/index.html]
[backblue.gif]
[fade.gif]
[index.html]
[fivethirtyeight.com/wp-content/uploads/2020/08/2020-FTE-PresPromo-16x9-sized.jpg]
[projects.fivethirtyeight.com/shared/apple-touch-icon.png]
[projects.fivethirtyeight.com/2020-election-forecast/fivethirtyeight.com]
[projects.fivethirtyeight.com/2020-election-forecast/secure.espn.com]
[projects.fivethirtyeight.com/2020-election-forecast/s.abcnews.com]
[projects.fivethirtyeight.com/2020-election-forecast/css/appaf8a.css]
[projects.fivethirtyeight.com/2020-election-forecast/js/bundle3981.js]
[projects.fivethirtyeight.com/2020-election-forecast/images/FTE-2020-Wordmark08bb.svg]
[projects.fivethirtyeight.com/2020-election-forecast/president]
[projects.fivethirtyeight.com/2020-election-forecast/images/carrot-usa5fa2.svg]
[projects.fivethirtyeight.com/bundled/js/bundled2.js]
[projects.fivethirtyeight.com/bundled/css/bundled2.css]
[projects.fivethirtyeight.com/2020-election-forecast/index.html]
[projects.fivethirtyeight.com/2020-election-forecast/fivethirtyeight.html]
[projects.fivethirtyeight.com/2020-election-forecast/secure.espn.html]
[projects.fivethirtyeight.com/2020-election-forecast/s.abcnews.html]
[projects.fivethirtyeight.com/2020-election-forecast/css/appaf8a.css]
[projects.fivethirtyeight.com/2020-election-forecast/images/FTE-2020-Wordmark08bb.svg]
[projects.fivethirtyeight.com/2020-election-forecast/president.html]
[projects.fivethirtyeight.com/2020-election-forecast/images/carrot-usa5fa2.svg]
[projects.fivethirtyeight.com/bundled/css/bundled2.css]
